// Vitest Snapshot v1, https://vitest.dev/guide/snapshot.html

exports[`resolves extra fields 1`] = `
{
  "data": {
    "foo": {
      "bar": {
        "foo": {
          "id": "1",
        },
        "id": "1",
      },
      "id": "1",
    },
  },
}
`;
