// Jest Snapshot v1, https://goo.gl/fbAQLP

exports[`onDelegationPlanHook should be called with the plan: onDelegationPlanPayload.fieldNodes[0] 1`] = `
"author {
  id
  name
}"
`;

exports[`onDelegationPlanHook should be called with the plan: onDelegationPlanPayload.subgraph 1`] = `"posts"`;

exports[`onDelegationPlanHook should be called with the plan: onDelegationPlanPayload.supergraph 1`] = `
"schema {
  query: Query
}

type Query {
  posts: [Post]
  users: [User]
}

type Post {
  id: ID!
  title: String
  author: User
}

type User {
  id: ID!
  name: String
}"
`;

exports[`onDelegationPlanHook should be called with the plan: onDelegationPlanPayload.typeName 1`] = `"User"`;

exports[`onDelegationPlanHook should be called with the plan: onDelegationPlanPayload.variables 1`] = `{}`;
