// Jest Snapshot v1, https://jestjs.io/docs/snapshot-testing

exports[`Hive CDN respects env vars: hive-cdn 1`] = `
"type Query {
  foo: String
}"
`;
