// Jest Snapshot v1, https://goo.gl/fbAQLP

exports[`should execute 'Author' 1`] = `
{
  "data": {
    "author": {
      "books": [
        {
          "author": {
            "id": "1",
            "name": "Jane Doe",
          },
          "id": "0",
          "title": "Lorem Ipsum",
        },
      ],
      "id": "1",
      "name": "Jane Doe",
    },
  },
}
`;

exports[`should execute 'Authors' 1`] = `
{
  "data": {
    "authors": [
      {
        "books": [
          {
            "author": {
              "id": "0",
              "name": "John Doe",
            },
            "id": "1",
            "title": "Dolor Sit Amet",
          },
        ],
        "id": "0",
        "name": "John Doe",
      },
      {
        "books": [
          {
            "author": {
              "id": "1",
              "name": "Jane Doe",
            },
            "id": "0",
            "title": "Lorem Ipsum",
          },
        ],
        "id": "1",
        "name": "Jane Doe",
      },
    ],
  },
}
`;

exports[`should execute 'Book' 1`] = `
{
  "data": {
    "book": {
      "author": {
        "books": [
          {
            "id": "1",
            "title": "Dolor Sit Amet",
          },
        ],
        "id": "0",
        "name": "John Doe",
      },
      "id": "1",
      "title": "Dolor Sit Amet",
    },
  },
}
`;

exports[`should execute 'Books' 1`] = `
{
  "data": {
    "books": [
      {
        "author": {
          "books": [
            {
              "id": "0",
              "title": "Lorem Ipsum",
            },
          ],
          "id": "1",
          "name": "Jane Doe",
        },
        "id": "0",
        "title": "Lorem Ipsum",
      },
      {
        "author": {
          "books": [
            {
              "id": "1",
              "title": "Dolor Sit Amet",
            },
          ],
          "id": "0",
          "name": "John Doe",
        },
        "id": "1",
        "title": "Dolor Sit Amet",
      },
    ],
  },
}
`;
